1. 101 Dalmatians
2. 4 Weddings and a Funeral
3. The Nightmare Before Christmas
4. 4. Star Wars - Return of the Jedi
5. Wallace and Gromit - the Wrong Trousers
6. the Spy who Loved Me
7. the Lego Batman Movie 
8. the Hunger Games - Catching Fire
9. Eternal Sunshine of a Spotless Mind
10 10. the Guardians of the Galaxy
11. Home Alone - Lost in New York
12. the Grand Budapest Hotel
13. Silver Linings Play Book
14. George of the Jungle
15. Ace Ventura Pet Detective
16. a Muppet's Christmas Carol
17. the E N G
18. The Princess and the Frog
